../Core/Src/main.c:107:6:HAL_TIM_PeriodElapsedCallback	16	static
../Core/Src/main.c:114:6:HAL_ADC_ConvCpltCallback	16	static
../Core/Src/main.c:118:6:HAL_I2C_MemRxCpltCallback	16	static
../Core/Src/main.c:138:5:main	24	static
../Core/Src/main.c:221:6:SystemClock_Config	88	static
../Core/Src/main.c:267:13:MX_ADC1_Init	24	static
../Core/Src/main.c:392:13:MX_I2C1_Init	8	static
../Core/Src/main.c:426:13:MX_TIM1_Init	32	static
../Core/Src/main.c:472:13:MX_TIM3_Init	64	static
../Core/Src/main.c:533:13:MX_DMA_Init	16	static
../Core/Src/main.c:558:13:MX_GPIO_Init	48	static
../Core/Src/main.c:620:6:CommDatafromUSB	24	static
../Core/Src/main.c:635:6:CommComunicationsTask	16	static
../Core/Src/main.c:658:6:CommDecodeData	64	static
../Core/Src/main.c:794:6:MotorL_SetPIN	16	static
../Core/Src/main.c:819:6:MotorR_SetPIN	16	static
../Core/Src/main.c:848:6:MotorL_SetPWM	16	static
../Core/Src/main.c:851:6:MotorR_SetPWM	16	static
../Core/Src/main.c:858:6:MPU6050_Init	40	static
../Core/Src/main.c:887:6:Error_Handler	4	static,ignoring_inline_asm
