../Core/Src/main.c:103:6:HAL_TIM_PeriodElapsedCallback	16	static
../Core/Src/main.c:110:6:HAL_ADC_ConvCpltCallback	16	static
../Core/Src/main.c:132:5:main	16	static
../Core/Src/main.c:242:6:SystemClock_Config	88	static
../Core/Src/main.c:288:13:MX_ADC1_Init	24	static
../Core/Src/main.c:403:13:MX_I2C1_Init	8	static
../Core/Src/main.c:437:13:MX_TIM1_Init	32	static
../Core/Src/main.c:483:13:MX_TIM3_Init	64	static
../Core/Src/main.c:544:13:MX_DMA_Init	16	static
../Core/Src/main.c:569:13:MX_GPIO_Init	48	static
../Core/Src/main.c:625:6:CommDatafromUSB	24	static
../Core/Src/main.c:640:6:CommComunicationsTask	16	static
../Core/Src/main.c:663:6:CommDecodeData	48	static
../Core/Src/main.c:744:6:MotorL_SetPIN	16	static
../Core/Src/main.c:769:9:MotorR_SetPIN	16	static
../Core/Src/main.c:798:6:MotorL_SetPWM	16	static
../Core/Src/main.c:801:6:MotorR_SetPWM	16	static
../Core/Src/main.c:805:6:MPU6050_Init	40	static
../Core/Src/main.c:829:6:MPU6050_Read_Data_DMA	40	static
../Core/Src/main.c:834:6:HAL_I2C_MemRxCpltCallback	16	static
../Core/Src/main.c:851:6:Error_Handler	4	static,ignoring_inline_asm
